// Jest Snapshot v1, https://goo.gl/fbAQLP

exports[`ToastHost Component should render ToastHost correctly 1`] = `
<View
  collapsable={false}
  pointerEvents="box-none"
  style={
    {
      "left": 0,
      "opacity": 0,
      "position": "absolute",
      "right": 0,
      "top": 0,
      "transform": [
        {
          "translateY": -48,
        },
      ],
      "zIndex": 99,
    }
  }
/>
`;
